<?xml version="1.0" encoding="utf-8"?>
<TestRun id="96878103-a4e4-4569-97bc-d91cd3f6e6cb" name="Ethan@ETHANS-PC 2022-10-25 17:14:19" runUser="ETHANS-PC\Ethan" xmlns="http://microsoft.com/schemas/VisualStudio/TeamTest/2010">
  <Times creation="2022-10-25T17:14:19.1256091-06:00" queuing="2022-10-25T17:14:19.1256091-06:00" start="2022-10-25T17:14:16.4922588-06:00" finish="2022-10-25T17:14:19.1256091-06:00" />
  <TestSettings name="default" id="35ae1857-c4dd-455e-be9b-2dedec52e5e2">
    <Deployment runDeploymentRoot="Ethan_ETHANS-PC_2022-10-25_17_14_19" />
  </TestSettings>
  <TestLists>
    <TestList name="Results Not in a List" id="8c84fa94-04c1-424b-9868-57a2d4851a1d" />
    <TestList name="All Loaded Results" id="19431567-8539-422a-85d7-44ee4e166bda" />
  </TestLists>
  <ResultSummary outcome="Failed">
    <Counters total="0" executed="0" passed="0" failed="0" error="0" timeout="0" aborted="0" inconclusive="0" passedButRunAborted="0" notRunnable="0" notExecuted="0" disconnected="0" warning="0" completed="0" inProgress="0" pending="0" />
    <RunInfos>
      <RunInfo computerName="ETHANS-PC" outcome="Warning" timestamp="2022-10-25T17:14:19.0114258-06:00">
        <Text>Could not find test executor with URI 'executor://xunit/VsTestRunner2/netcoreapp'.  Make sure that the test executor is installed and supports .net runtime version  .</Text>
      </RunInfo>
    </RunInfos>
    <CollectorDataEntries>
      <Collector agentName="ETHANS-PC" uri="datacollector://microsoft/CodeCoverage/2.0" collectorDisplayName="Code Coverage">
        <UriAttachments>
          <UriAttachment>
            <A href="ETHANS-PC\Ethan_ETHANS-PC_2022-10-25.17_14_17.coverage"></A>
          </UriAttachment>
        </UriAttachments>
      </Collector>
    </CollectorDataEntries>
  </ResultSummary>
</TestRun>